// Jest Snapshot v1, https://goo.gl/fbAQLP

exports[`<MenuApp /> renders 1`] = `
<div>
  Mocked_FontAwesomeIcon (fas,bars)
  Dummy App
</div>
`;
