// Jest Snapshot v1, https://goo.gl/fbAQLP

exports[`<PanelTop /> renders 1`] = `
<div
  className="body"
>
  <div>
    Mocked_FontAwesomeIcon (fas,bars)
    Dummy App
  </div>
  <div>
    Mocked_FontAwesomeIcon (fas,user)
    John | Log out
  </div>
</div>
`;
